// Jest Snapshot v1, https://goo.gl/fbAQLP

exports[`Character Card should render correctly 1`] = `
<div>
  <div
    class="flex w-full border rounded-xl hover:shadow-lg cursor-pointer 
      
      
      "
    data-testid="container-card"
  >
    <div
      class="h-full min-w-[40%] relative rounded-l-xl"
    >
      <img
        alt="character-image"
        class="object-cover  rounded-l-xl"
        data-nimg="fill"
        data-testid="character-image"
        decoding="async"
        loading="lazy"
        sizes="100vw"
        src="/_next/image?url=https%3A%2F%2Frickandmortyapi.com%2Fapi%2Fcharacter%2Favatar%2F1.jpeg&w=3840&q=75"
        srcset="/_next/image?url=https%3A%2F%2Frickandmortyapi.com%2Fapi%2Fcharacter%2Favatar%2F1.jpeg&w=640&q=75 640w, /_next/image?url=https%3A%2F%2Frickandmortyapi.com%2Fapi%2Fcharacter%2Favatar%2F1.jpeg&w=750&q=75 750w, /_next/image?url=https%3A%2F%2Frickandmortyapi.com%2Fapi%2Fcharacter%2Favatar%2F1.jpeg&w=828&q=75 828w, /_next/image?url=https%3A%2F%2Frickandmortyapi.com%2Fapi%2Fcharacter%2Favatar%2F1.jpeg&w=1080&q=75 1080w, /_next/image?url=https%3A%2F%2Frickandmortyapi.com%2Fapi%2Fcharacter%2Favatar%2F1.jpeg&w=1200&q=75 1200w, /_next/image?url=https%3A%2F%2Frickandmortyapi.com%2Fapi%2Fcharacter%2Favatar%2F1.jpeg&w=1920&q=75 1920w, /_next/image?url=https%3A%2F%2Frickandmortyapi.com%2Fapi%2Fcharacter%2Favatar%2F1.jpeg&w=2048&q=75 2048w, /_next/image?url=https%3A%2F%2Frickandmortyapi.com%2Fapi%2Fcharacter%2Favatar%2F1.jpeg&w=3840&q=75 3840w"
        style="position: absolute; height: 100%; width: 100%; left: 0px; top: 0px; right: 0px; bottom: 0px; color: transparent;"
      />
    </div>
    <div
      class="flex-col justify-center flex p-4 min-w-[60%] text-black "
    >
      <h1
        class="leading-4 font-semibold"
      >
        Rick Sanchez
      </h1>
      <div
        class="mt-2 w-full flex items-center justify-start"
      >
        <div
          class="h-[16px] w-[16px] rounded-full mr-2 bg-green-500"
        />
        <p>
          Alive
           - 
          Human
        </p>
      </div>
    </div>
  </div>
</div>
`;
