// Jest Snapshot v1, https://goo.gl/fbAQLP

exports[`Episodes renders correctly 1`] = `
<div>
  <div
    class="w-full  h-[40vh] "
  >
    <div
      class="border-b h-[6vh]"
    >
      <h1
        class="text-black font-semibold text-2xl px-4 py-2"
      >
        Character 
        #2
         - Only Episodes
      </h1>
    </div>
    <div
      class="h-[34vh] w-full px-4 py-2 overflow-y-scroll no-scrollbar"
    />
  </div>
</div>
`;

exports[`Episodes should render correctly 1`] = `
<div>
  <div
    class="w-full  h-[40vh] "
  >
    <div
      class="border-b h-[6vh]"
    >
      <h1
        class="text-black font-semibold text-2xl px-4 py-2"
      >
        Character 
        #2
         - Only Episodes
      </h1>
    </div>
    <div
      class="h-[34vh] w-full px-4 py-2 overflow-y-scroll no-scrollbar"
    />
  </div>
</div>
`;
